// Jest Snapshot v1, https://goo.gl/fbAQLP

exports[`ssr render hook correct without jsdom 1`] = `"<div data-reactroot=\\"\\">ok</div>"`;
